Archive member included to satisfy reference by file (symbol)

D:/STM32CubeIDE_1.13.2/STM32CubeIDE/plugins/com.st.stm32cube.ide.mcu.externaltools.gnu-tools-for-stm32.11.3.rel1.win32_1.1.1.202309131626/tools/bin/../lib/gcc/arm-none-eabi/11.3.1/../../../../arm-none-eabi/lib/thumb/v7e-m+fp/hard\libc_nano.a(libc_a-exit.o)
                              D:/STM32CubeIDE_1.13.2/STM32CubeIDE/plugins/com.st.stm32cube.ide.mcu.externaltools.gnu-tools-for-stm32.11.3.rel1.win32_1.1.1.202309131626/tools/bin/../lib/gcc/arm-none-eabi/11.3.1/../../../../arm-none-eabi/lib/thumb/v7e-m+fp/hard/crt0.o (exit)
D:/STM32CubeIDE_1.13.2/STM32CubeIDE/plugins/com.st.stm32cube.ide.mcu.externaltools.gnu-tools-for-stm32.11.3.rel1.win32_1.1.1.202309131626/tools/bin/../lib/gcc/arm-none-eabi/11.3.1/../../../../arm-none-eabi/lib/thumb/v7e-m+fp/hard\libc_nano.a(libc_a-findfp.o)
                              D:/STM32CubeIDE_1.13.2/STM32CubeIDE/plugins/com.st.stm32cube.ide.mcu.externaltools.gnu-tools-for-stm32.11.3.rel1.win32_1.1.1.202309131626/tools/bin/../lib/gcc/arm-none-eabi/11.3.1/../../../../arm-none-eabi/lib/thumb/v7e-m+fp/hard\libc_nano.a(libc_a-exit.o) (__stdio_exit_handler)
D:/STM32CubeIDE_1.13.2/STM32CubeIDE/plugins/com.st.stm32cube.ide.mcu.externaltools.gnu-tools-for-stm32.11.3.rel1.win32_1.1.1.202309131626/tools/bin/../lib/gcc/arm-none-eabi/11.3.1/../../../../arm-none-eabi/lib/thumb/v7e-m+fp/hard\libc_nano.a(libc_a-fwalk.o)
                              D:/STM32CubeIDE_1.13.2/STM32CubeIDE/plugins/com.st.stm32cube.ide.mcu.externaltools.gnu-tools-for-stm32.11.3.rel1.win32_1.1.1.202309131626/tools/bin/../lib/gcc/arm-none-eabi/11.3.1/../../../../arm-none-eabi/lib/thumb/v7e-m+fp/hard\libc_nano.a(libc_a-findfp.o) (_fwalk_sglue)
D:/STM32CubeIDE_1.13.2/STM32CubeIDE/plugins/com.st.stm32cube.ide.mcu.externaltools.gnu-tools-for-stm32.11.3.rel1.win32_1.1.1.202309131626/tools/bin/../lib/gcc/arm-none-eabi/11.3.1/../../../../arm-none-eabi/lib/thumb/v7e-m+fp/hard\libc_nano.a(libc_a-stdio.o)
                              D:/STM32CubeIDE_1.13.2/STM32CubeIDE/plugins/com.st.stm32cube.ide.mcu.externaltools.gnu-tools-for-stm32.11.3.rel1.win32_1.1.1.202309131626/tools/bin/../lib/gcc/arm-none-eabi/11.3.1/../../../../arm-none-eabi/lib/thumb/v7e-m+fp/hard\libc_nano.a(libc_a-findfp.o) (__sread)
D:/STM32CubeIDE_1.13.2/STM32CubeIDE/plugins/com.st.stm32cube.ide.mcu.externaltools.gnu-tools-for-stm32.11.3.rel1.win32_1.1.1.202309131626/tools/bin/../lib/gcc/arm-none-eabi/11.3.1/../../../../arm-none-eabi/lib/thumb/v7e-m+fp/hard\libc_nano.a(libc_a-memset.o)
                              D:/STM32CubeIDE_1.13.2/STM32CubeIDE/plugins/com.st.stm32cube.ide.mcu.externaltools.gnu-tools-for-stm32.11.3.rel1.win32_1.1.1.202309131626/tools/bin/../lib/gcc/arm-none-eabi/11.3.1/../../../../arm-none-eabi/lib/thumb/v7e-m+fp/hard/crt0.o (memset)
D:/STM32CubeIDE_1.13.2/STM32CubeIDE/plugins/com.st.stm32cube.ide.mcu.externaltools.gnu-tools-for-stm32.11.3.rel1.win32_1.1.1.202309131626/tools/bin/../lib/gcc/arm-none-eabi/11.3.1/../../../../arm-none-eabi/lib/thumb/v7e-m+fp/hard\libc_nano.a(libc_a-closer.o)
                              D:/STM32CubeIDE_1.13.2/STM32CubeIDE/plugins/com.st.stm32cube.ide.mcu.externaltools.gnu-tools-for-stm32.11.3.rel1.win32_1.1.1.202309131626/tools/bin/../lib/gcc/arm-none-eabi/11.3.1/../../../../arm-none-eabi/lib/thumb/v7e-m+fp/hard\libc_nano.a(libc_a-stdio.o) (_close_r)
D:/STM32CubeIDE_1.13.2/STM32CubeIDE/plugins/com.st.stm32cube.ide.mcu.externaltools.gnu-tools-for-stm32.11.3.rel1.win32_1.1.1.202309131626/tools/bin/../lib/gcc/arm-none-eabi/11.3.1/../../../../arm-none-eabi/lib/thumb/v7e-m+fp/hard\libc_nano.a(libc_a-reent.o)
                              D:/STM32CubeIDE_1.13.2/STM32CubeIDE/plugins/com.st.stm32cube.ide.mcu.externaltools.gnu-tools-for-stm32.11.3.rel1.win32_1.1.1.202309131626/tools/bin/../lib/gcc/arm-none-eabi/11.3.1/../../../../arm-none-eabi/lib/thumb/v7e-m+fp/hard\libc_nano.a(libc_a-closer.o) (errno)
D:/STM32CubeIDE_1.13.2/STM32CubeIDE/plugins/com.st.stm32cube.ide.mcu.externaltools.gnu-tools-for-stm32.11.3.rel1.win32_1.1.1.202309131626/tools/bin/../lib/gcc/arm-none-eabi/11.3.1/../../../../arm-none-eabi/lib/thumb/v7e-m+fp/hard\libc_nano.a(libc_a-impure.o)
                              D:/STM32CubeIDE_1.13.2/STM32CubeIDE/plugins/com.st.stm32cube.ide.mcu.externaltools.gnu-tools-for-stm32.11.3.rel1.win32_1.1.1.202309131626/tools/bin/../lib/gcc/arm-none-eabi/11.3.1/../../../../arm-none-eabi/lib/thumb/v7e-m+fp/hard\libc_nano.a(libc_a-reent.o) (_impure_ptr)
D:/STM32CubeIDE_1.13.2/STM32CubeIDE/plugins/com.st.stm32cube.ide.mcu.externaltools.gnu-tools-for-stm32.11.3.rel1.win32_1.1.1.202309131626/tools/bin/../lib/gcc/arm-none-eabi/11.3.1/../../../../arm-none-eabi/lib/thumb/v7e-m+fp/hard\libc_nano.a(libc_a-lseekr.o)
[...]
Memory Configuration

Name             Origin             Length             Attributes
RAM              0x0000000020000000 0x0000000000020000 xrw
FLASH            0x0000000008000000 0x0000000000080000 xr
*default*        0x0000000000000000 0xffffffffffffffff

Linker script and memory map

LOAD D:/STM32CubeIDE_1.13.2/STM32CubeIDE/plugins/com.st.stm32cube.ide.mcu.externaltools.gnu-tools-for-stm32.11.3.rel1.win32_1.1.1.202309131626/tools/bin/../lib/gcc/arm-none-eabi/11.3.1/thumb/v7e-m+fp/hard/crti.o
LOAD D:/STM32CubeIDE_1.13.2/STM32CubeIDE/plugins/com.st.stm32cube.ide.mcu.externaltools.gnu-tools-for-stm32.11.3.rel1.win32_1.1.1.202309131626/tools/bin/../lib/gcc/arm-none-eabi/11.3.1/thumb/v7e-m+fp/hard/crtbegin.o
LOAD D:/STM32CubeIDE_1.13.2/STM32CubeIDE/plugins/com.st.stm32cube.ide.mcu.externaltools.gnu-tools-for-stm32.11.3.rel1.win32_1.1.1.202309131626/tools/bin/../lib/gcc/arm-none-eabi/11.3.1/../../../../arm-none-eabi/lib/thumb/v7e-m+fp/hard/crt0.o
LOAD ./Core/Src/adc.o
LOAD ./Core/Src/gpio.o
LOAD ./Core/Src/main.o
LOAD ./Core/Src/stm32f4xx_hal_msp.o
LOAD ./Core/Src/stm32f4xx_it.o
LOAD ./Core/Src/syscalls.o
LOAD ./Core/Src/sysmem.o
LOAD ./Core/Src/system_stm32f4xx.o
LOAD ./Core/Src/tim.o
LOAD ./Core/Startup/startup_stm32f446retx.o
LOAD ./Drivers/STM32F4xx_HAL_Driver/Src/stm32f4xx_hal.o
LOAD ./Drivers/STM32F4xx_HAL_Driver/Src/stm32f4xx_hal_adc.o
LOAD ./Drivers/STM32F4xx_HAL_Driver/Src/stm32f4xx_hal_adc_ex.o
LOAD ./Drivers/STM32F4xx_HAL_Driver/Src/stm32f4xx_hal_cortex.o
LOAD ./Drivers/STM32F4xx_HAL_Driver/Src/stm32f4xx_hal_dma.o
LOAD ./Drivers/STM32F4xx_HAL_Driver/Src/stm32f4xx_hal_dma_ex.o
LOAD ./Drivers/STM32F4xx_HAL_Driver/Src/stm32f4xx_hal_exti.o
LOAD ./Drivers/STM32F4xx_HAL_Driver/Src/stm32f4xx_hal_flash.o
LOAD ./Drivers/STM32F4xx_HAL_Driver/Src/stm32f4xx_hal_flash_ex.o
LOAD ./Drivers/STM32F4xx_HAL_Driver/Src/stm32f4xx_hal_flash_ramfunc.o
LOAD ./Drivers/STM32F4xx_HAL_Driver/Src/stm32f4xx_hal_gpio.o
LOAD ./Drivers/STM32F4xx_HAL_Driver/Src/stm32f4xx_hal_pwr.o
LOAD ./Drivers/STM32F4xx_HAL_Driver/Src/stm32f4xx_hal_pwr_ex.o
LOAD ./Drivers/STM32F4xx_HAL_Driver/Src/stm32f4xx_hal_rcc.o
LOAD ./Drivers/STM32F4xx_HAL_Driver/Src/stm32f4xx_hal_rcc_ex.o
LOAD ./Drivers/STM32F4xx_HAL_Driver/Src/stm32f4xx_hal_tim.o
LOAD ./Drivers/STM32F4xx_HAL_Driver/Src/stm32f4xx_hal_tim_ex.o
LOAD ./Drivers/STM32F4xx_HAL_Driver/Src/stm32f4xx_ll_adc.o
START GROUP
LOAD D:/STM32CubeIDE_1.13.2/STM32CubeIDE/plugins/com.st.stm32cube.ide.mcu.externaltools.gnu-tools-for-stm32.11.3.rel1.win32_1.1.1.202309131626/tools/bin/../lib/gcc/arm-none-eabi/11.3.1/../../../../arm-none-eabi/lib/thumb/v7e-m+fp/hard\libc_nano.a
LOAD D:/STM32CubeIDE_1.13.2/STM32CubeIDE/plugins/com.st.stm32cube.ide.mcu.externaltools.gnu-tools-for-stm32.11.3.rel1.win32_1.1.1.202309131626/tools/bin/../lib/gcc/arm-none-eabi/11.3.1/../../../../arm-none-eabi/lib/thumb/v7e-m+fp/hard\libm.a
END GROUP
START GROUP
LOAD D:/STM32CubeIDE_1.13.2/STM32CubeIDE/plugins/com.st.stm32cube.ide.mcu.externaltools.gnu-tools-for-stm32.11.3.rel1.win32_1.1.1.202309131626/tools/bin/../lib/gcc/arm-none-eabi/11.3.1/thumb/v7e-m+fp/hard\libgcc.a
LOAD D:/STM32CubeIDE_1.13.2/STM32CubeIDE/plugins/com.st.stm32cube.ide.mcu.externaltools.gnu-tools-for-stm32.11.3.rel1.win32_1.1.1.202309131626/tools/bin/../lib/gcc/arm-none-eabi/11.3.1/../../../../arm-none-eabi/lib/thumb/v7e-m+fp/hard\libc_nano.a
END GROUP
START GROUP
LOAD D:/STM32CubeIDE_1.13.2/STM32CubeIDE/plugins/com.st.stm32cube.ide.mcu.externaltools.gnu-tools-for-stm32.11.3.rel1.win32_1.1.1.202309131626/tools/bin/../lib/gcc/arm-none-eabi/11.3.1/thumb/v7e-m+fp/hard\libgcc.a
LOAD D:/STM32CubeIDE_1.13.2/STM32CubeIDE/plugins/com.st.stm32cube.ide.mcu.externaltools.gnu-tools-for-stm32.11.3.rel1.win32_1.1.1.202309131626/tools/bin/../lib/gcc/arm-none-eabi/11.3.1/../../../../arm-none-eabi/lib/thumb/v7e-m+fp/hard\libc_nano.a
LOAD D:/STM32CubeIDE_1.13.2/STM32CubeIDE/plugins/com.st.stm32cube.ide.mcu.externaltools.gnu-tools-for-stm32.11.3.rel1.win32_1.1.1.202309131626/tools/bin/../lib/gcc/arm-none-eabi/11.3.1/../../../../arm-none-eabi/lib/thumb/v7e-m+fp/hard\libnosys.a
END GROUP
START GROUP
LOAD D:/STM32CubeIDE_1.13.2/STM32CubeIDE/plugins/com.st.stm32cube.ide.mcu.externaltools.gnu-tools-for-stm32.11.3.rel1.win32_1.1.1.202309131626/tools/bin/../lib/gcc/arm-none-eabi/11.3.1/thumb/v7e-m+fp/hard\libgcc.a
LOAD D:/STM32CubeIDE_1.13.2/STM32CubeIDE/plugins/com.st.stm32cube.ide.mcu.externaltools.gnu-tools-for-stm32.11.3.rel1.win32_1.1.1.202309131626/tools/bin/../lib/gcc/arm-none-eabi/11.3.1/../../../../arm-none-eabi/lib/thumb/v7e-m+fp/hard\libc_nano.a
LOAD D:/STM32CubeIDE_1.13.2/STM32CubeIDE/plugins/com.st.stm32cube.ide.mcu.externaltools.gnu-tools-for-stm32.11.3.rel1.win32_1.1.1.202309131626/tools/bin/../lib/gcc/arm-none-eabi/11.3.1/../../../../arm-none-eabi/lib/thumb/v7e-m+fp/hard\libnosys.a
END GROUP
LOAD D:/STM32CubeIDE_1.13.2/STM32CubeIDE/plugins/com.st.stm32cube.ide.mcu.externaltools.gnu-tools-for-stm32.11.3.rel1.win32_1.1.1.202309131626/tools/bin/../lib/gcc/arm-none-eabi/11.3.1/thumb/v7e-m+fp/hard/crtend.o
LOAD D:/STM32CubeIDE_1.13.2/STM32CubeIDE/plugins/com.st.stm32cube.ide.mcu.externaltools.gnu-tools-for-stm32.11.3.rel1.win32_1.1.1.202309131626/tools/bin/../lib/gcc/arm-none-eabi/11.3.1/thumb/v7e-m+fp/hard/crtn.o
                0x0000000020020000                _estack = (ORIGIN (RAM) + LENGTH (RAM))
                0x0000000000000200                _Min_Heap_Size = 0x200
                0x0000000000000400                _Min_Stack_Size = 0x400

.isr_vector     0x0000000008000000      0x1c4
                0x0000000008000000                . = ALIGN (0x4)
 *(.isr_vector)
 .isr_vector    0x0000000008000000      0x1c4 ./Core/Startup/startup_stm32f446retx.o
                0x0000000008000000                g_pfnVectors
                0x00000000080001c4                . = ALIGN (0x4)

.text           0x00000000080001c4     0x4a28
                0x00000000080001c4                . = ALIGN (0x4)
 *(.text)
 .text          0x00000000080001c4       0x40 D:/STM32CubeIDE_1.13.2/STM32CubeIDE/plugins/com.st.stm32cube.ide.mcu.externaltools.gnu-tools-for-stm32.11.3.rel1.win32_1.1.1.202309131626/tools/bin/../lib/gcc/arm-none-eabi/11.3.1/thumb/v7e-m+fp/hard/crtbegin.o
 .text          0x0000000008000204       0x30 D:/STM32CubeIDE_1.13.2/STM32CubeIDE/plugins/com.st.stm32cube.ide.mcu.externaltools.gnu-tools-for-stm32.11.3.rel1.win32_1.1.1.202309131626/tools/bin/../lib/gcc/arm-none-eabi/11.3.1/thumb/v7e-m+fp/hard\libgcc.a(_aeabi_uldivmod.o)
                0x0000000008000204                __aeabi_uldivmod
 .text          0x0000000008000234      0x2c8 D:/STM32CubeIDE_1.13.2/STM32CubeIDE/plugins/com.st.stm32cube.ide.mcu.externaltools.gnu-tools-for-stm32.11.3.rel1.win32_1.1.1.202309131626/tools/bin/../lib/gcc/arm-none-eabi/11.3.1/thumb/v7e-m+fp/hard\libgcc.a(_udivmoddi4.o)
                0x0000000008000234                __udivmoddi4
 .text          0x00000000080004fc        0x4 D:/STM32CubeIDE_1.13.2/STM32CubeIDE/plugins/com.st.stm32cube.ide.mcu.externaltools.gnu-tools-for-stm32.11.3.rel1.win32_1.1.1.202309131626/tools/bin/../lib/gcc/arm-none-eabi/11.3.1/thumb/v7e-m+fp/hard\libgcc.a(_dvmd_tls.o)
                0x00000000080004fc                __aeabi_idiv0
                0x00000000080004fc                __aeabi_ldiv0
 *(.text*)
 .text.MX_ADC1_Init
                0x0000000008000500       0xa4 ./Core/Src/adc.o
                0x0000000008000500                MX_ADC1_Init
 .text.HAL_ADC_MspInit
                0x00000000080005a4       0x88 ./Core/Src/adc.o
                0x00000000080005a4                HAL_ADC_MspInit
 .text.MX_GPIO_Init
                0x000000000800062c      0x1c8 ./Core/Src/gpio.o
                0x000000000800062c                MX_GPIO_Init
 .text.configurar_pinos
                0x00000000080007f4      0x200 ./Core/Src/main.o
 .text.escrever_segmentos
                0x00000000080009f4       0xdc ./Core/Src/main.o
 .text.desligar_digitos
                0x0000000008000ad0       0x30 ./Core/Src/main.o
 .text.mostrar_texto
                0x0000000008000b00       0x34 ./Core/Src/main.o
 .text.mostrar_numero
                0x0000000008000b34       0xc8 ./Core/Src/main.o
 .text.mostrar_temperatura
                0x0000000008000bfc       0x68 ./Core/Src/main.o
 .text.atualizar_display
                0x0000000008000c64       0xa0 ./Core/Src/main.o
 .text.atualizar_conteudo_display
                0x0000000008000d04      0x120 ./Core/Src/main.o
 .text.ler_adc  0x0000000008000e24       0x64 ./Core/Src/main.o
 .text.ler_temperatura
                0x0000000008000e88       0x70 ./Core/Src/main.o
 .text.ajustar_duty_cooler
                0x0000000008000ef8       0x5c ./Core/Src/main.o
 .text.aplicar_saida_cooler
                0x0000000008000f54       0xa0 ./Core/Src/main.o
 .text.botao_pressionado
                0x0000000008000ff4       0x2a ./Core/Src/main.o
 *fill*         0x000000000800101e        0x2 
 .text.calibrar_volante
                0x0000000008001020       0x6c ./Core/Src/main.o
 .text.velocidade_para_painel
                0x000000000800108c       0x64 ./Core/Src/main.o
 .text.aumentar_duty
                0x00000000080010f0       0x40 ./Core/Src/main.o
 .text.reduzir_duty
                0x0000000008001130       0x3c ./Core/Src/main.o
 .text.atualizar_marcha
                0x000000000800116c       0x6c ./Core/Src/main.o
 .text.tarefa_botoes
                0x00000000080011d8       0xf0 ./Core/Src/main.o
 .text.tarefa_volante
                0x00000000080012c8      0x178 ./Core/Src/main.o
 .text.tarefa_temperatura
                0x0000000008001440       0xc0 ./Core/Src/main.o
 .text.tarefa_tach
                0x0000000008001500       0xa4 ./Core/Src/main.o
 .text.tarefa_logica
                0x00000000080015a4      0x1e4 ./Core/Src/main.o
 .text.tarefa_odometro
                0x0000000008001788       0x5c ./Core/Src/main.o
 .text.tarefa_leds
                0x00000000080017e4       0xc4 ./Core/Src/main.o
 .text.EXTI3_IRQHandler
                0x00000000080018a8        0xe ./Core/Src/main.o
                0x00000000080018a8                EXTI3_IRQHandler
 *fill*         0x00000000080018b6        0x2 
 .text.HAL_GPIO_EXTI_Callback
                0x00000000080018b8       0x2c ./Core/Src/main.o
                0x00000000080018b8                HAL_GPIO_EXTI_Callback
 .text.main     0x00000000080018e4      0x16c ./Core/Src/main.o
                0x00000000080018e4                main
 .text.SystemClock_Config
                0x0000000008001a50       0xdc ./Core/Src/main.o
                0x0000000008001a50                SystemClock_Config
 .text.Error_Handler
                0x0000000008001b2c        0xa ./Core/Src/main.o
                0x0000000008001b2c                Error_Handler
 *fill*         0x0000000008001b36        0x2 
 .text.HAL_MspInit
                0x0000000008001b38       0x60 ./Core/Src/stm32f4xx_hal_msp.o
                0x0000000008001b38                HAL_MspInit
 .text.NMI_Handler
                0x0000000008001b98        0x6 ./Core/Src/stm32f4xx_it.o
                0x0000000008001b98                NMI_Handler
 .text.HardFault_Handler
                0x0000000008001b9e        0x6 ./Core/Src/stm32f4xx_it.o
                0x0000000008001b9e                HardFault_Handler
 .text.MemManage_Handler
                0x0000000008001ba4        0x6 ./Core/Src/stm32f4xx_it.o
                0x0000000008001ba4                MemManage_Handler
 .text.BusFault_Handler
                0x0000000008001baa        0x6 ./Core/Src/stm32f4xx_it.o
                0x0000000008001baa                BusFault_Handler
 .text.UsageFault_Handler
                0x0000000008001bb0        0x6 ./Core/Src/stm32f4xx_it.o
                0x0000000008001bb0                UsageFault_Handler
 .text.SVC_Handler
                0x0000000008001bb6        0xe ./Core/Src/stm32f4xx_it.o
                0x0000000008001bb6                SVC_Handler
 .text.DebugMon_Handler
                0x0000000008001bc4        0xe ./Core/Src/stm32f4xx_it.o
                0x0000000008001bc4                DebugMon_Handler
 .text.PendSV_Handler
                0x0000000008001bd2        0xe ./Core/Src/stm32f4xx_it.o
                0x0000000008001bd2                PendSV_Handler
 .text.SysTick_Handler
                0x0000000008001be0        0xc ./Core/Src/stm32f4xx_it.o
                0x0000000008001be0                SysTick_Handler
 .text.TIM2_IRQHandler
                0x0000000008001bec       0x14 ./Core/Src/stm32f4xx_it.o
                0x0000000008001bec                TIM2_IRQHandler
 .text.TIM6_DAC_IRQHandler
                0x0000000008001c00       0x14 ./Core/Src/stm32f4xx_it.o
                0x0000000008001c00                TIM6_DAC_IRQHandler
 .text.FPU_IRQHandler
                0x0000000008001c14        0xe ./Core/Src/stm32f4xx_it.o
                0x0000000008001c14                FPU_IRQHandler
 *fill*         0x0000000008001c22        0x2 
 .text.SystemInit
                0x0000000008001c24       0x24 ./Core/Src/system_stm32f4xx.o
                0x0000000008001c24                SystemInit
 .text.MX_TIM1_Init
                0x0000000008001c48      0x108 ./Core/Src/tim.o
                0x0000000008001c48                MX_TIM1_Init
 .text.MX_TIM2_Init
                0x0000000008001d50       0x98 ./Core/Src/tim.o
                0x0000000008001d50                MX_TIM2_Init
 .text.MX_TIM4_Init
                0x0000000008001de8       0x9c ./Core/Src/tim.o
                0x0000000008001de8                MX_TIM4_Init
 .text.MX_TIM6_Init
                0x0000000008001e84       0x6c ./Core/Src/tim.o
                0x0000000008001e84                MX_TIM6_Init
 .text.HAL_TIM_PWM_MspInit
                0x0000000008001ef0       0x44 ./Core/Src/tim.o
                0x0000000008001ef0                HAL_TIM_PWM_MspInit
 .text.HAL_TIM_Base_MspInit
                0x0000000008001f34       0xb4 ./Core/Src/tim.o
                0x0000000008001f34                HAL_TIM_Base_MspInit
 .text.HAL_TIM_MspPostInit
                0x0000000008001fe8       0x74 ./Core/Src/tim.o
                0x0000000008001fe8                HAL_TIM_MspPostInit
 .text.Reset_Handler
                0x000000000800205c       0x50 ./Core/Startup/startup_stm32f446retx.o
                0x000000000800205c                Reset_Handler
 .text.Default_Handler
                0x00000000080020ac        0x2 ./Core/Startup/startup_stm32f446retx.o
                0x00000000080020ac                RTC_Alarm_IRQHandler
                0x00000000080020ac                EXTI2_IRQHandler
                0x00000000080020ac                TIM8_CC_IRQHandler
                0x00000000080020ac                FMPI2C1_EV_IRQHandler
                0x00000000080020ac                SPI4_IRQHandler
                0x00000000080020ac                TIM1_CC_IRQHandler
                0x00000000080020ac                DMA2_Stream5_IRQHandler
                0x00000000080020ac                DMA1_Stream5_IRQHandler
                0x00000000080020ac                PVD_IRQHandler
                0x00000000080020ac                SDIO_IRQHandler
                0x00000000080020ac                TAMP_STAMP_IRQHandler
                0x00000000080020ac                CAN2_RX1_IRQHandler
                0x00000000080020ac                TIM8_TRG_COM_TIM14_IRQHandler
                0x00000000080020ac                TIM1_UP_TIM10_IRQHandler
                0x00000000080020ac                TIM8_UP_TIM13_IRQHandler
                0x00000000080020ac                I2C3_ER_IRQHandler
                0x00000000080020ac                EXTI0_IRQHandler
                0x00000000080020ac                I2C2_EV_IRQHandler
                0x00000000080020ac                DMA1_Stream2_IRQHandler
                0x00000000080020ac                CAN1_RX0_IRQHandler
                0x00000000080020ac                OTG_HS_WKUP_IRQHandler
                0x00000000080020ac                CAN2_SCE_IRQHandler
                0x00000000080020ac                DMA2_Stream2_IRQHandler
                0x00000000080020ac                SPI1_IRQHandler
                0x00000000080020ac                TIM1_BRK_TIM9_IRQHandler
                0x00000000080020ac                DCMI_IRQHandler
                0x00000000080020ac                CAN2_RX0_IRQHandler
                0x00000000080020ac                DMA2_Stream3_IRQHandler
                0x00000000080020ac                SAI2_IRQHandler
                0x00000000080020ac                USART6_IRQHandler
                0x00000000080020ac                USART3_IRQHandler
                0x00000000080020ac                CAN1_RX1_IRQHandler
                0x00000000080020ac                UART5_IRQHandler
                0x00000000080020ac                DMA2_Stream0_IRQHandler
                0x00000000080020ac                TIM4_IRQHandler
                0x00000000080020ac                QUADSPI_IRQHandler
                0x00000000080020ac                I2C1_EV_IRQHandler
                0x00000000080020ac                DMA1_Stream6_IRQHandler
                0x00000000080020ac                DMA1_Stream1_IRQHandler
                0x00000000080020ac                UART4_IRQHandler
                0x00000000080020ac                TIM3_IRQHandler
                0x00000000080020ac                RCC_IRQHandler
                0x00000000080020ac                TIM8_BRK_TIM12_IRQHandler
                0x00000000080020ac                Default_Handler
                0x00000000080020ac                CEC_IRQHandler
                0x00000000080020ac                EXTI15_10_IRQHandler
                0x00000000080020ac                ADC_IRQHandler
                0x00000000080020ac                DMA1_Stream7_IRQHandler
                0x00000000080020ac                TIM7_IRQHandler
                0x00000000080020ac                CAN2_TX_IRQHandler
                0x00000000080020ac                TIM5_IRQHandler
                0x00000000080020ac                DMA2_Stream7_IRQHandler
                0x00000000080020ac                I2C3_EV_IRQHandler
                0x00000000080020ac                EXTI9_5_IRQHandler
                0x00000000080020ac                RTC_WKUP_IRQHandler
                0x00000000080020ac                SPDIF_RX_IRQHandler
                0x00000000080020ac                SPI2_IRQHandler
                0x00000000080020ac                OTG_HS_EP1_IN_IRQHandler
                0x00000000080020ac                DMA1_Stream0_IRQHandler
                0x00000000080020ac                CAN1_TX_IRQHandler
                0x00000000080020ac                FMPI2C1_ER_IRQHandler
                0x00000000080020ac                EXTI4_IRQHandler
                0x00000000080020ac                OTG_HS_EP1_OUT_IRQHandler
                0x00000000080020ac                WWDG_IRQHandler
                0x00000000080020ac                OTG_FS_WKUP_IRQHandler
                0x00000000080020ac                TIM1_TRG_COM_TIM11_IRQHandler
                0x00000000080020ac                OTG_HS_IRQHandler
                0x00000000080020ac                EXTI1_IRQHandler
                0x00000000080020ac                USART2_IRQHandler
                0x00000000080020ac                I2C2_ER_IRQHandler
                0x00000000080020ac                DMA2_Stream1_IRQHandler
                0x00000000080020ac                CAN1_SCE_IRQHandler
                0x00000000080020ac                FLASH_IRQHandler
                0x00000000080020ac                DMA2_Stream4_IRQHandler
                0x00000000080020ac                USART1_IRQHandler
                0x00000000080020ac                OTG_FS_IRQHandler
                0x00000000080020ac                SPI3_IRQHandler
                0x00000000080020ac                DMA1_Stream4_IRQHandler
                0x00000000080020ac                I2C1_ER_IRQHandler
                0x00000000080020ac                FMC_IRQHandler
                0x00000000080020ac                DMA2_Stream6_IRQHandler
                0x00000000080020ac                SAI1_IRQHandler
                0x00000000080020ac                DMA1_Stream3_IRQHandler
 *fill*         0x00000000080020ae        0x2 
 .text.HAL_Init
                0x00000000080020b0       0x44 ./Drivers/STM32F4xx_HAL_Driver/Src/stm32f4xx_hal.o
                0x00000000080020b0                HAL_Init
 .text.HAL_InitTick
                0x00000000080020f4       0x60 ./Drivers/STM32F4xx_HAL_Driver/Src/stm32f4xx_hal.o
                0x00000000080020f4                HAL_InitTick
 .text.HAL_IncTick
                0x0000000008002154       0x28 ./Drivers/STM32F4xx_HAL_Driver/Src/stm32f4xx_hal.o
                0x0000000008002154                HAL_IncTick
 .text.HAL_GetTick
                0x000000000800217c       0x18 ./Drivers/STM32F4xx_HAL_Driver/Src/stm32f4xx_hal.o
                0x000000000800217c                HAL_GetTick
 .text.HAL_Delay
                0x0000000008002194       0x48 ./Drivers/STM32F4xx_HAL_Driver/Src/stm32f4xx_hal.o
                0x0000000008002194                HAL_Delay
 .text.HAL_ADC_Init
                0x00000000080021dc       0x86 ./Drivers/STM32F4xx_HAL_Driver/Src/stm32f4xx_hal_adc.o
                0x00000000080021dc                HAL_ADC_Init
 *fill*         0x0000000008002262        0x2 
 .text.HAL_ADC_Start
                0x0000000008002264      0x1a4 ./Drivers/STM32F4xx_HAL_Driver/Src/stm32f4xx_hal_adc.o
                0x0000000008002264                HAL_ADC_Start
 .text.HAL_ADC_Stop
                0x0000000008002408       0x66 ./Drivers/STM32F4xx_HAL_Driver/Src/stm32f4xx_hal_adc.o
                0x0000000008002408                HAL_ADC_Stop
 .text.HAL_ADC_PollForConversion
                0x000000000800246e      0x116 ./Drivers/STM32F4xx_HAL_Driver/Src/stm32f4xx_hal_adc.o
                0x000000000800246e                HAL_ADC_PollForConversion
 .text.HAL_ADC_GetValue
                0x0000000008002584       0x1a ./Drivers/STM32F4xx_HAL_Driver/Src/stm32f4xx_hal_adc.o
                0x0000000008002584                HAL_ADC_GetValue
 *fill*         0x000000000800259e        0x2 
 .text.HAL_ADC_ConfigChannel
                0x00000000080025a0      0x264 ./Drivers/STM32F4xx_HAL_Driver/Src/stm32f4xx_hal_adc.o
                0x00000000080025a0                HAL_ADC_ConfigChannel
 .text.ADC_Init
                0x0000000008002804      0x1f8 ./Drivers/STM32F4xx_HAL_Driver/Src/stm32f4xx_hal_adc.o
 .text.__NVIC_SetPriorityGrouping
                0x00000000080029fc       0x48 ./Drivers/STM32F4xx_HAL_Driver/Src/stm32f4xx_hal_cortex.o
 .text.__NVIC_GetPriorityGrouping
                0x0000000008002a44       0x1c ./Drivers/STM32F4xx_HAL_Driver/Src/stm32f4xx_hal_cortex.o
 .text.__NVIC_EnableIRQ
                0x0000000008002a60       0x3c ./Drivers/STM32F4xx_HAL_Driver/Src/stm32f4xx_hal_cortex.o
 .text.__NVIC_SetPriority
                0x0000000008002a9c       0x54 ./Drivers/STM32F4xx_HAL_Driver/Src/stm32f4xx_hal_cortex.o
 .text.NVIC_EncodePriority
                0x0000000008002af0       0x66 ./Drivers/STM32F4xx_HAL_Driver/Src/stm32f4xx_hal_cortex.o
 *fill*         0x0000000008002b56        0x2 
 .text.SysTick_Config
                0x0000000008002b58       0x44 ./Drivers/STM32F4xx_HAL_Driver/Src/stm32f4xx_hal_cortex.o
 .text.HAL_NVIC_SetPriorityGrouping
                0x0000000008002b9c       0x16 ./Drivers/STM32F4xx_HAL_Driver/Src/stm32f4xx_hal_cortex.o
                0x0000000008002b9c                HAL_NVIC_SetPriorityGrouping
 .text.HAL_NVIC_SetPriority
                0x0000000008002bb2       0x38 ./Drivers/STM32F4xx_HAL_Driver/Src/stm32f4xx_hal_cortex.o
                0x0000000008002bb2                HAL_NVIC_SetPriority
 .text.HAL_NVIC_EnableIRQ
                0x0000000008002bea       0x1c ./Drivers/STM32F4xx_HAL_Driver/Src/stm32f4xx_hal_cortex.o
                0x0000000008002bea                HAL_NVIC_EnableIRQ
 .text.HAL_SYSTICK_Config
                0x0000000008002c06       0x18 ./Drivers/STM32F4xx_HAL_Driver/Src/stm32f4xx_hal_cortex.o
                0x0000000008002c06                HAL_SYSTICK_Config
 *fill*         0x0000000008002c1e        0x2 
 .text.HAL_GPIO_Init
                0x0000000008002c20      0x328 ./Drivers/STM32F4xx_HAL_Driver/Src/stm32f4xx_hal_gpio.o
                0x0000000008002c20                HAL_GPIO_Init
 .text.HAL_GPIO_ReadPin
                0x0000000008002f48       0x30 ./Drivers/STM32F4xx_HAL_Driver/Src/stm32f4xx_hal_gpio.o
                0x0000000008002f48                HAL_GPIO_ReadPin
 .text.HAL_GPIO_WritePin
                0x0000000008002f78       0x32 ./Drivers/STM32F4xx_HAL_Driver/Src/stm32f4xx_hal_gpio.o
                0x0000000008002f78                HAL_GPIO_WritePin
 *fill*         0x0000000008002faa        0x2 
 .text.HAL_GPIO_EXTI_IRQHandler
                0x0000000008002fac       0x30 ./Drivers/STM32F4xx_HAL_Driver/Src/stm32f4xx_hal_gpio.o
                0x0000000008002fac                HAL_GPIO_EXTI_IRQHandler
 .text.HAL_RCC_ClockConfig
                0x0000000008002fdc      0x1cc ./Drivers/STM32F4xx_HAL_Driver/Src/stm32f4xx_hal_rcc.o
                0x0000000008002fdc                HAL_RCC_ClockConfig
 .text.HAL_RCC_GetSysClockFreq
                0x00000000080031a8      0x460 ./Drivers/STM32F4xx_HAL_Driver/Src/stm32f4xx_hal_rcc_ex.o
                0x00000000080031a8                HAL_RCC_GetSysClockFreq
 .text.HAL_RCC_OscConfig
                0x0000000008003608      0x53c ./Drivers/STM32F4xx_HAL_Driver/Src/stm32f4xx_hal_rcc_ex.o
                0x0000000008003608                HAL_RCC_OscConfig
 .text.HAL_TIM_Base_Init
                0x0000000008003b44       0x9e ./Drivers/STM32F4xx_HAL_Driver/Src/stm32f4xx_hal_tim.o
                0x0000000008003b44                HAL_TIM_Base_Init
 .text.HAL_TIM_PWM_Init
                0x0000000008003be2       0x9e ./Drivers/STM32F4xx_HAL_Driver/Src/stm32f4xx_hal_tim.o
                0x0000000008003be2                HAL_TIM_PWM_Init
 .text.HAL_TIM_PWM_Start
                0x0000000008003c80      0x190 ./Drivers/STM32F4xx_HAL_Driver/Src/stm32f4xx_hal_tim.o
                0x0000000008003c80                HAL_TIM_PWM_Start
 .text.HAL_TIM_IRQHandler
                0x0000000008003e10      0x210 ./Drivers/STM32F4xx_HAL_Driver/Src/stm32f4xx_hal_tim.o
                0x0000000008003e10                HAL_TIM_IRQHandler
 .text.HAL_TIM_PWM_ConfigChannel
                0x0000000008004020      0x184 ./Drivers/STM32F4xx_HAL_Driver/Src/stm32f4xx_hal_tim.o
                0x0000000008004020                HAL_TIM_PWM_ConfigChannel
 .text.HAL_TIM_ConfigClockSource
                0x00000000080041a4      0x18e ./Drivers/STM32F4xx_HAL_Driver/Src/stm32f4xx_hal_tim.o
                0x00000000080041a4                HAL_TIM_ConfigClockSource
 .text.HAL_TIM_PeriodElapsedCallback
                0x0000000008004332       0x14 ./Drivers/STM32F4xx_HAL_Driver/Src/stm32f4xx_hal_tim.o
                0x0000000008004332                HAL_TIM_PeriodElapsedCallback
 .text.HAL_TIM_OC_DelayElapsedCallback
                0x0000000008004346       0x14 ./Drivers/STM32F4xx_HAL_Driver/Src/stm32f4xx_hal_tim.o
                0x0000000008004346                HAL_TIM_OC_DelayElapsedCallback
 .text.HAL_TIM_IC_CaptureCallback
                0x000000000800435a       0x14 ./Drivers/STM32F4xx_HAL_Driver/Src/stm32f4xx_hal_tim.o
                0x000000000800435a                HAL_TIM_IC_CaptureCallback
 .text.HAL_TIM_PWM_PulseFinishedCallback
                0x000000000800436e       0x14 ./Drivers/STM32F4xx_HAL_Driver/Src/stm32f4xx_hal_tim.o
                0x000000000800436e                HAL_TIM_PWM_PulseFinishedCallback
 .text.HAL_TIM_TriggerCallback
                0x0000000008004382       0x14 ./Drivers/STM32F4xx_HAL_Driver/Src/stm32f4xx_hal_tim.o
                0x0000000008004382                HAL_TIM_TriggerCallback
 *fill*         0x0000000008004396        0x2 
 .text.TIM_Base_SetConfig
                0x0000000008004398      0x140 ./Drivers/STM32F4xx_HAL_Driver/Src/stm32f4xx_hal_tim.o
                0x0000000008004398                TIM_Base_SetConfig
 .text.TIM_OC1_SetConfig
                0x00000000080044d8       0xe0 ./Drivers/STM32F4xx_HAL_Driver/Src/stm32f4xx_hal_tim.o
 .text.TIM_OC2_SetConfig
                0x00000000080045b8       0xec ./Drivers/STM32F4xx_HAL_Driver/Src/stm32f4xx_hal_tim.o
                0x00000000080045b8                TIM_OC2_SetConfig
 .text.TIM_OC3_SetConfig
                0x00000000080046a4       0xe8 ./Drivers/STM32F4xx_HAL_Driver/Src/stm32f4xx_hal_tim.o
 .text.TIM_OC4_SetConfig
                0x000000000800478c       0xac ./Drivers/STM32F4xx_HAL_Driver/Src/stm32f4xx_hal_tim.o
 .text.TIM_TI1_ConfigInputStage
                0x0000000008004838       0x5e ./Drivers/STM32F4xx_HAL_Driver/Src/stm32f4xx_hal_tim.o
 .text.TIM_TI2_ConfigInputStage
                0x0000000008004896       0x60 ./Drivers/STM32F4xx_HAL_Driver/Src/stm32f4xx_hal_tim.o
 .text.TIM_ITRx_SetConfig
                0x00000000080048f6       0x36 ./Drivers/STM32F4xx_HAL_Driver/Src/stm32f4xx_hal_tim.o
 .text.TIM_ETR_SetConfig
                0x000000000800492c       0x40 ./Drivers/STM32F4xx_HAL_Driver/Src/stm32f4xx_hal_tim.o
                0x000000000800492c                TIM_ETR_SetConfig
 .text.TIM_CCxChannelCmd
                0x000000000800496c       0x4a ./Drivers/STM32F4xx_HAL_Driver/Src/stm32f4xx_hal_tim.o
                0x000000000800496c                TIM_CCxChannelCmd
 *fill*         0x00000000080049b6        0x2 
 .text.HAL_TIMEx_MasterConfigSynchronization
                0x00000000080049b8       0xf8 ./Drivers/STM32F4xx_HAL_Driver/Src/stm32f4xx_hal_tim_ex.o
                0x00000000080049b8                HAL_TIMEx_MasterConfigSynchronization
 .text.HAL_TIMEx_ConfigBreakDeadTime
                0x0000000008004ab0       0xa4 ./Drivers/STM32F4xx_HAL_Driver/Src/stm32f4xx_hal_tim_ex.o
                0x0000000008004ab0                HAL_TIMEx_ConfigBreakDeadTime
 .text.HAL_TIMEx_CommutCallback
                0x0000000008004b54       0x14 ./Drivers/STM32F4xx_HAL_Driver/Src/stm32f4xx_hal_tim_ex.o
                0x0000000008004b54                HAL_TIMEx_CommutCallback
 .text.HAL_TIMEx_BreakCallback
                0x0000000008004b68       0x14 ./Drivers/STM32F4xx_HAL_Driver/Src/stm32f4xx_hal_tim_ex.o
                0x0000000008004b68                HAL_TIMEx_BreakCallback
 .text.memset   0x0000000008004b7c       0x10 D:/STM32CubeIDE_1.13.2/STM32CubeIDE/plugins/com.st.stm32cube.ide.mcu.externaltools.gnu-tools-for-stm32.11.3.rel1.win32_1.1.1.202309131626/tools/bin/../lib/gcc/arm-none-eabi/11.3.1/../../../../arm-none-eabi/lib/thumb/v7e-m+fp/hard\libc_nano.a(libc_a-memset.o)
                0x0000000008004b7c                memset
 .text.__libc_init_array
                0x0000000008004b8c       0x48 D:/STM32CubeIDE_1.13.2/STM32CubeIDE/plugins/com.st.stm32cube.ide.mcu.externaltools.gnu-tools-for-stm32.11.3.rel1.win32_1.1.1.202309131626/tools/bin/../lib/gcc/arm-none-eabi/11.3.1/../../../../arm-none-eabi/lib/thumb/v7e-m+fp/hard\libc_nano.a(libc_a-init.o)
                0x0000000008004b8c                __libc_init_array
 *(.glue_7)
 .glue_7        0x0000000008004bd4        0x0 linker stubs
 *(.glue_7t)
 .glue_7t       0x0000000008004bd4        0x0 linker stubs
 *(.eh_frame)
 .eh_frame      0x0000000008004bd4        0x0 D:/STM32CubeIDE_1.13.2/STM32CubeIDE/plugins/com.st.stm32cube.ide.mcu.externaltools.gnu-tools-for-stm32.11.3.rel1.win32_1.1.1.202309131626/tools/bin/../lib/gcc/arm-none-eabi/11.3.1/thumb/v7e-m+fp/hard/crtbegin.o
 *(.init)
 .init          0x0000000008004bd4        0x4 D:/STM32CubeIDE_1.13.2/STM32CubeIDE/plugins/com.st.stm32cube.ide.mcu.externaltools.gnu-tools-for-stm32.11.3.rel1.win32_1.1.1.202309131626/tools/bin/../lib/gcc/arm-none-eabi/11.3.1/thumb/v7e-m+fp/hard/crti.o
                0x0000000008004bd4                _init
 .init          0x0000000008004bd8        0x8 D:/STM32CubeIDE_1.13.2/STM32CubeIDE/plugins/com.st.stm32cube.ide.mcu.externaltools.gnu-tools-for-stm32.11.3.rel1.win32_1.1.1.202309131626/tools/bin/../lib/gcc/arm-none-eabi/11.3.1/thumb/v7e-m+fp/hard/crtn.o
 *(.fini)
 .fini          0x0000000008004be0        0x4 D:/STM32CubeIDE_1.13.2/STM32CubeIDE/plugins/com.st.stm32cube.ide.mcu.externaltools.gnu-tools-for-stm32.11.3.rel1.win32_1.1.1.202309131626/tools/bin/../lib/gcc/arm-none-eabi/11.3.1/thumb/v7e-m+fp/hard/crti.o
                0x0000000008004be0                _fini
 .fini          0x0000000008004be4        0x8 D:/STM32CubeIDE_1.13.2/STM32CubeIDE/plugins/com.st.stm32cube.ide.mcu.externaltools.gnu-tools-for-stm32.11.3.rel1.win32_1.1.1.202309131626/tools/bin/../lib/gcc/arm-none-eabi/11.3.1/thumb/v7e-m+fp/hard/crtn.o
                0x0000000008004bec                . = ALIGN (0x4)
                0x0000000008004bec                _etext = .

.vfp11_veneer   0x0000000008004bec        0x0
 .vfp11_veneer  0x0000000008004bec        0x0 linker stubs

.v4_bx          0x0000000008004bec        0x0
 .v4_bx         0x0000000008004bec        0x0 linker stubs

.iplt           0x0000000008004bec        0x0
 .iplt          0x0000000008004bec        0x0 D:/STM32CubeIDE_1.13.2/STM32CubeIDE/plugins/com.st.stm32cube.ide.mcu.externaltools.gnu-tools-for-stm32.11.3.rel1.win32_1.1.1.202309131626/tools/bin/../lib/gcc/arm-none-eabi/11.3.1/thumb/v7e-m+fp/hard/crtbegin.o

.rodata         0x0000000008004bec       0x1c
                0x0000000008004bec                . = ALIGN (0x4)
 *(.rodata)
 *(.rodata*)
 .rodata.digit_map
                0x0000000008004bec        0xa ./Core/Src/main.o
 *fill*         0x0000000008004bf6        0x2 
 .rodata.AHBPrescTable
                0x0000000008004bf8       0x10 ./Core/Src/system_stm32f4xx.o
                0x0000000008004bf8                AHBPrescTable
                0x0000000008004c08                . = ALIGN (0x4)

.ARM.extab      0x0000000008004c08        0x0
                0x0000000008004c08                . = ALIGN (0x4)
 *(.ARM.extab* .gnu.linkonce.armextab.*)
                0x0000000008004c08                . = ALIGN (0x4)

.ARM            0x0000000008004c08        0x8
                0x0000000008004c08                . = ALIGN (0x4)
                0x0000000008004c08                __exidx_start = .
 *(.ARM.exidx*)
 .ARM.exidx     0x0000000008004c08        0x8 D:/STM32CubeIDE_1.13.2/STM32CubeIDE/plugins/com.st.stm32cube.ide.mcu.externaltools.gnu-tools-for-stm32.11.3.rel1.win32_1.1.1.202309131626/tools/bin/../lib/gcc/arm-none-eabi/11.3.1/thumb/v7e-m+fp/hard\libgcc.a(_udivmoddi4.o)
                0x0000000008004c10                __exidx_end = .
                0x0000000008004c10                . = ALIGN (0x4)

.rel.dyn        0x0000000008004c10        0x0
 .rel.iplt      0x0000000008004c10        0x0 D:/STM32CubeIDE_1.13.2/STM32CubeIDE/plugins/com.st.stm32cube.ide.mcu.externaltools.gnu-tools-for-stm32.11.3.rel1.win32_1.1.1.202309131626/tools/bin/../lib/gcc/arm-none-eabi/11.3.1/thumb/v7e-m+fp/hard/crtbegin.o

.preinit_array  0x0000000008004c10        0x0
                0x0000000008004c10                . = ALIGN (0x4)
                0x0000000008004c10                PROVIDE (__preinit_array_start = .)
 *(.preinit_array*)
                0x0000000008004c10                PROVIDE (__preinit_array_end = .)
                0x0000000008004c10                . = ALIGN (0x4)

.init_array     0x0000000008004c10        0x4
                0x0000000008004c10                . = ALIGN (0x4)
                0x0000000008004c10                PROVIDE (__init_array_start = .)
 *(SORT_BY_NAME(.init_array.*))
 *(.init_array*)
 .init_array    0x0000000008004c10        0x4 D:/STM32CubeIDE_1.13.2/STM32CubeIDE/plugins/com.st.stm32cube.ide.mcu.externaltools.gnu-tools-for-stm32.11.3.rel1.win32_1.1.1.202309131626/tools/bin/../lib/gcc/arm-none-eabi/11.3.1/thumb/v7e-m+fp/hard/crtbegin.o
                0x0000000008004c14                PROVIDE (__init_array_end = .)
                0x0000000008004c14                . = ALIGN (0x4)

.fini_array     0x0000000008004c14        0x4
                0x0000000008004c14                . = ALIGN (0x4)
                [!provide]                        PROVIDE (__fini_array_start = .)
 *(SORT_BY_NAME(.fini_array.*))
 *(.fini_array*)
 .fini_array    0x0000000008004c14        0x4 D:/STM32CubeIDE_1.13.2/STM32CubeIDE/plugins/com.st.stm32cube.ide.mcu.externaltools.gnu-tools-for-stm32.11.3.rel1.win32_1.1.1.202309131626/tools/bin/../lib/gcc/arm-none-eabi/11.3.1/thumb/v7e-m+fp/hard/crtbegin.o
                [!provide]                        PROVIDE (__fini_array_end = .)
                0x0000000008004c18                . = ALIGN (0x4)
                0x0000000008004c18                _sidata = LOADADDR (.data)

.data           0x0000000020000000       0x18 load address 0x0000000008004c18
                0x0000000020000000                . = ALIGN (0x4)
                0x0000000020000000                _sdata = .
 *(.data)
 *(.data*)
 .data.disp     0x0000000020000000        0x3 ./Core/Src/main.o
 *fill*         0x0000000020000003        0x1 
 .data.centro_volante
                0x0000000020000004        0x2 ./Core/Src/main.o
 .data.steer_now
                0x0000000020000006        0x2 ./Core/Src/main.o
 .data.steer_prev
                0x0000000020000008        0x2 ./Core/Src/main.o
 *fill*         0x000000002000000a        0x2 
 .data.SystemCoreClock
                0x000000002000000c        0x4 ./Core/Src/system_stm32f4xx.o
                0x000000002000000c                SystemCoreClock
 .data.uwTickPrio
                0x0000000020000010        0x4 ./Drivers/STM32F4xx_HAL_Driver/Src/stm32f4xx_hal.o
                0x0000000020000010                uwTickPrio
 .data.uwTickFreq
                0x0000000020000014        0x1 ./Drivers/STM32F4xx_HAL_Driver/Src/stm32f4xx_hal.o
                0x0000000020000014                uwTickFreq
 *(.RamFunc)
 *(.RamFunc*)
                0x0000000020000018                . = ALIGN (0x4)
 *fill*         0x0000000020000015        0x3 
                0x0000000020000018                _edata = .

.igot.plt       0x0000000020000018        0x0 load address 0x0000000008004c30
 .igot.plt      0x0000000020000018        0x0 D:/STM32CubeIDE_1.13.2/STM32CubeIDE/plugins/com.st.stm32cube.ide.mcu.externaltools.gnu-tools-for-stm32.11.3.rel1.win32_1.1.1.202309131626/tools/bin/../lib/gcc/arm-none-eabi/11.3.1/thumb/v7e-m+fp/hard/crtbegin.o
                0x0000000020000018                . = ALIGN (0x4)

.bss            0x0000000020000018      0x1f0 load address 0x0000000008004c30
                0x0000000020000018                _sbss = .
                0x0000000020000018                __bss_start__ = _sbss
 *(.bss)
 .bss           0x0000000020000018       0x1c D:/STM32CubeIDE_1.13.2/STM32CubeIDE/plugins/com.st.stm32cube.ide.mcu.externaltools.gnu-tools-for-stm32.11.3.rel1.win32_1.1.1.202309131626/tools/bin/../lib/gcc/arm-none-eabi/11.3.1/thumb/v7e-m+fp/hard/crtbegin.o
 *(.bss*)
 .bss.hadc1     0x0000000020000034       0x48 ./Core/Src/adc.o
                0x0000000020000034                hadc1
 .bss.ativo     0x000000002000007c        0x1 ./Core/Src/main.o
 .bss.tela      0x000000002000007d        0x1 ./Core/Src/main.o
 .bss.duty      0x000000002000007e        0x1 ./Core/Src/main.o
 .bss.marcha    0x000000002000007f        0x1 ./Core/Src/main.o
 .bss.auto_on   0x0000000020000080        0x1 ./Core/Src/main.o
 .bss.auto_target_duty
                0x0000000020000081        0x1 ./Core/Src/main.o
 .bss.auto_target_speed
                0x0000000020000082        0x2 ./Core/Src/main.o
 .bss.temp_val  0x0000000020000084        0x2 ./Core/Src/main.o
 .bss.temp_alert
                0x0000000020000086        0x1 ./Core/Src/main.o
 .bss.temp_critical
                0x0000000020000087        0x1 ./Core/Src/main.o
 .bss.critical_lock
                0x0000000020000088        0x1 ./Core/Src/main.o
 *fill*         0x0000000020000089        0x3 
 .bss.temp_critical_start
                0x000000002000008c        0x4 ./Core/Src/main.o
 .bss.tach_pulses
                0x0000000020000090        0x4 ./Core/Src/main.o
 .bss.tach_per_sec
                0x0000000020000094        0x2 ./Core/Src/main.o
 .bss.rpm       0x0000000020000096        0x2 ./Core/Src/main.o
 .bss.velocidade
                0x0000000020000098        0x2 ./Core/Src/main.o
 *fill*         0x000000002000009a        0x2 
 .bss.odometro_dm
                0x000000002000009c        0x4 ./Core/Src/main.o
 .bss.curva     0x00000000200000a0        0x1 ./Core/Src/main.o
 .bss.seta_on   0x00000000200000a1        0x1 ./Core/Src/main.o
 .bss.seta_blink
                0x00000000200000a2        0x1 ./Core/Src/main.o
 .bss.movimento_volante
                0x00000000200000a3        0x1 ./Core/Src/main.o
 .bss.lado_movimento
                0x00000000200000a4        0x1 ./Core/Src/main.o
 *fill*         0x00000000200000a5        0x3 
 .bss.inicio_movimento
                0x00000000200000a8        0x4 ./Core/Src/main.o
 .bss.curva_feita
                0x00000000200000ac        0x1 ./Core/Src/main.o
 .bss.func_prev
                0x00000000200000ad        0x1 ./Core/Src/main.o
 .bss.sel_prev  0x00000000200000ae        0x1 ./Core/Src/main.o
 .bss.fan_ligado
                0x00000000200000af        0x1 ./Core/Src/main.o
 .bss.fan_kick_until
                0x00000000200000b0        0x4 ./Core/Src/main.o
 .bss.t_display
                0x00000000200000b4        0x4 ./Core/Src/main.o
 .bss.t_inputs  0x00000000200000b8        0x4 ./Core/Src/main.o
 .bss.t_accel   0x00000000200000bc        0x4 ./Core/Src/main.o
 .bss.t_brake   0x00000000200000c0        0x4 ./Core/Src/main.o
 .bss.t_obstacle
                0x00000000200000c4        0x4 ./Core/Src/main.o
 .bss.t_natural
                0x00000000200000c8        0x4 ./Core/Src/main.o
 .bss.t_auto    0x00000000200000cc        0x4 ./Core/Src/main.o
 .bss.t_adc     0x00000000200000d0        0x4 ./Core/Src/main.o
 .bss.t_temp    0x00000000200000d4        0x4 ./Core/Src/main.o
 .bss.t_tach    0x00000000200000d8        0x4 ./Core/Src/main.o
 .bss.t_odo     0x00000000200000dc        0x4 ./Core/Src/main.o
 .bss.t_blink   0x00000000200000e0        0x4 ./Core/Src/main.o
 .bss.htim1     0x00000000200000e4       0x48 ./Core/Src/tim.o
                0x00000000200000e4                htim1
 .bss.htim2     0x000000002000012c       0x48 ./Core/Src/tim.o
                0x000000002000012c                htim2
 .bss.htim4     0x0000000020000174       0x48 ./Core/Src/tim.o
                0x0000000020000174                htim4
 .bss.htim6     0x00000000200001bc       0x48 ./Core/Src/tim.o
                0x00000000200001bc                htim6
 .bss.uwTick    0x0000000020000204        0x4 ./Drivers/STM32F4xx_HAL_Driver/Src/stm32f4xx_hal.o
                0x0000000020000204                uwTick
 *(COMMON)
                0x0000000020000208                . = ALIGN (0x4)
                0x0000000020000208                _ebss = .
                0x0000000020000208                __bss_end__ = _ebss

._user_heap_stack
                0x0000000020000208      0x600 load address 0x0000000008004c30
                0x0000000020000208                . = ALIGN (0x8)
                [!provide]                        PROVIDE (end = .)
                0x0000000020000208                PROVIDE (_end = .)
                0x0000000020000408                . = (. + _Min_Heap_Size)
 *fill*         0x0000000020000208      0x200 
                0x0000000020000808                . = (. + _Min_Stack_Size)
 *fill*         0x0000000020000408      0x400 
                0x0000000020000808                . = ALIGN (0x8)

/DISCARD/
 libc.a(*)
 libm.a(*)
 libgcc.a(*)

.ARM.attributes
                0x0000000000000000       0x30
 *(.ARM.attributes)
 .ARM.attributes
                0x0000000000000000       0x1e D:/STM32CubeIDE_1.13.2/STM32CubeIDE/plugins/com.st.stm32cube.ide.mcu.externaltools.gnu-tools-for-stm32.11.3.rel1.win32_1.1.1.202309131626/tools/bin/../lib/gcc/arm-none-eabi/11.3.1/thumb/v7e-m+fp/hard/crti.o
 .ARM.attributes
                0x000000000000001e       0x34 D:/STM32CubeIDE_1.13.2/STM32CubeIDE/plugins/com.st.stm32cube.ide.mcu.externaltools.gnu-tools-for-stm32.11.3.rel1.win32_1.1.1.202309131626/tools/bin/../lib/gcc/arm-none-eabi/11.3.1/thumb/v7e-m+fp/hard/crtbegin.o
 .ARM.attributes
                0x0000000000000052       0x34 ./Core/Src/adc.o
 .ARM.attributes
                0x0000000000000086       0x34 ./Core/Src/gpio.o
 .ARM.attributes
                0x00000000000000ba       0x34 ./Core/Src/main.o
 .ARM.attributes
                0x00000000000000ee       0x34 ./Core/Src/stm32f4xx_hal_msp.o
 .ARM.attributes
                0x0000000000000122       0x34 ./Core/Src/stm32f4xx_it.o
 .ARM.attributes
                0x0000000000000156       0x34 ./Core/Src/system_stm32f4xx.o
 .ARM.attributes
                0x000000000000018a       0x34 ./Core/Src/tim.o
 .ARM.attributes
                0x00000000000001be       0x21 ./Core/Startup/startup_stm32f446retx.o
 .ARM.attributes
                0x00000000000001df       0x34 ./Drivers/STM32F4xx_HAL_Driver/Src/stm32f4xx_hal.o
 .ARM.attributes
                0x0000000000000213       0x34 ./Drivers/STM32F4xx_HAL_Driver/Src/stm32f4xx_hal_adc.o
 .ARM.attributes
                0x0000000000000247       0x34 ./Drivers/STM32F4xx_HAL_Driver/Src/stm32f4xx_hal_cortex.o
 .ARM.attributes
                0x000000000000027b       0x34 ./Drivers/STM32F4xx_HAL_Driver/Src/stm32f4xx_hal_gpio.o
 .ARM.attributes
                0x00000000000002af       0x34 ./Drivers/STM32F4xx_HAL_Driver/Src/stm32f4xx_hal_rcc.o
 .ARM.attributes
                0x00000000000002e3       0x34 ./Drivers/STM32F4xx_HAL_Driver/Src/stm32f4xx_hal_rcc_ex.o
 .ARM.attributes
                0x0000000000000317       0x34 ./Drivers/STM32F4xx_HAL_Driver/Src/stm32f4xx_hal_tim.o
 .ARM.attributes
                0x000000000000034b       0x34 ./Drivers/STM32F4xx_HAL_Driver/Src/stm32f4xx_hal_tim_ex.o
 .ARM.attributes
                0x000000000000037f       0x34 D:/STM32CubeIDE_1.13.2/STM32CubeIDE/plugins/com.st.stm32cube.ide.mcu.externaltools.gnu-tools-for-stm32.11.3.rel1.win32_1.1.1.202309131626/tools/bin/../lib/gcc/arm-none-eabi/11.3.1/../../../../arm-none-eabi/lib/thumb/v7e-m+fp/hard\libc_nano.a(libc_a-memset.o)
 .ARM.attributes
                0x00000000000003b3       0x34 D:/STM32CubeIDE_1.13.2/STM32CubeIDE/plugins/com.st.stm32cube.ide.mcu.externaltools.gnu-tools-for-stm32.11.3.rel1.win32_1.1.1.202309131626/tools/bin/../lib/gcc/arm-none-eabi/11.3.1/../../../../arm-none-eabi/lib/thumb/v7e-m+fp/hard\libc_nano.a(libc_a-init.o)
 .ARM.attributes
                0x00000000000003e7       0x1e D:/STM32CubeIDE_1.13.2/STM32CubeIDE/plugins/com.st.stm32cube.ide.mcu.externaltools.gnu-tools-for-stm32.11.3.rel1.win32_1.1.1.202309131626/tools/bin/../lib/gcc/arm-none-eabi/11.3.1/thumb/v7e-m+fp/hard\libgcc.a(_aeabi_uldivmod.o)
 .ARM.attributes
                0x0000000000000405       0x34 D:/STM32CubeIDE_1.13.2/STM32CubeIDE/plugins/com.st.stm32cube.ide.mcu.externaltools.gnu-tools-for-stm32.11.3.rel1.win32_1.1.1.202309131626/tools/bin/../lib/gcc/arm-none-eabi/11.3.1/thumb/v7e-m+fp/hard\libgcc.a(_udivmoddi4.o)
 .ARM.attributes
                0x0000000000000439       0x1e D:/STM32CubeIDE_1.13.2/STM32CubeIDE/plugins/com.st.stm32cube.ide.mcu.externaltools.gnu-tools-for-stm32.11.3.rel1.win32_1.1.1.202309131626/tools/bin/../lib/gcc/arm-none-eabi/11.3.1/thumb/v7e-m+fp/hard\libgcc.a(_dvmd_tls.o)
 .ARM.attributes
                0x0000000000000457       0x1e D:/STM32CubeIDE_1.13.2/STM32CubeIDE/plugins/com.st.stm32cube.ide.mcu.externaltools.gnu-tools-for-stm32.11.3.rel1.win32_1.1.1.202309131626/tools/bin/../lib/gcc/arm-none-eabi/11.3.1/thumb/v7e-m+fp/hard/crtn.o
OUTPUT(ComputadorDeBordo.elf elf32-littlearm)
LOAD linker stubs
LOAD D:/STM32CubeIDE_1.13.2/STM32CubeIDE/plugins/com.st.stm32cube.ide.mcu.externaltools.gnu-tools-for-stm32.11.3.rel1.win32_1.1.1.202309131626/tools/bin/../lib/gcc/arm-none-eabi/11.3.1/../../../../arm-none-eabi/lib/thumb/v7e-m+fp/hard\libc.a
LOAD D:/STM32CubeIDE_1.13.2/STM32CubeIDE/plugins/com.st.stm32cube.ide.mcu.externaltools.gnu-tools-for-stm32.11.3.rel1.win32_1.1.1.202309131626/tools/bin/../lib/gcc/arm-none-eabi/11.3.1/../../../../arm-none-eabi/lib/thumb/v7e-m+fp/hard\libm.a
LOAD D:/STM32CubeIDE_1.13.2/STM32CubeIDE/plugins/com.st.stm32cube.ide.mcu.externaltools.gnu-tools-for-stm32.11.3.rel1.win32_1.1.1.202309131626/tools/bin/../lib/gcc/arm-none-eabi/11.3.1/thumb/v7e-m+fp/hard\libgcc.a

.comment        0x0000000000000000       0x43
 .comment       0x0000000000000000       0x43 D:/STM32CubeIDE_1.13.2/STM32CubeIDE/plugins/com.st.stm32cube.ide.mcu.externaltools.gnu-tools-for-stm32.11.3.rel1.win32_1.1.1.202309131626/tools/bin/../lib/gcc/arm-none-eabi/11.3.1/thumb/v7e-m+fp/hard/crtbegin.o
                                         0x44 (size before relaxing)
 .comment       0x0000000000000043       0x44 ./Core/Src/adc.o
 .comment       0x0000000000000043       0x44 ./Core/Src/gpio.o
 .comment       0x0000000000000043       0x44 ./Core/Src/main.o
 .comment       0x0000000000000043       0x44 ./Core/Src/stm32f4xx_hal_msp.o
 .comment       0x0000000000000043       0x44 ./Core/Src/stm32f4xx_it.o
 .comment       0x0000000000000043       0x44 ./Core/Src/system_stm32f4xx.o
 .comment       0x0000000000000043       0x44 ./Core/Src/tim.o
 .comment       0x0000000000000043       0x44 ./Drivers/STM32F4xx_HAL_Driver/Src/stm32f4xx_hal.o
 .comment       0x0000000000000043       0x44 ./Drivers/STM32F4xx_HAL_Driver/Src/stm32f4xx_hal_adc.o
 .comment       0x0000000000000043       0x44 ./Drivers/STM32F4xx_HAL_Driver/Src/stm32f4xx_hal_cortex.o
 .comment       0x0000000000000043       0x44 ./Drivers/STM32F4xx_HAL_Driver/Src/stm32f4xx_hal_gpio.o
 .comment       0x0000000000000043       0x44 ./Drivers/STM32F4xx_HAL_Driver/Src/stm32f4xx_hal_rcc.o
 .comment       0x0000000000000043       0x44 ./Drivers/STM32F4xx_HAL_Driver/Src/stm32f4xx_hal_rcc_ex.o
 .comment       0x0000000000000043       0x44 ./Drivers/STM32F4xx_HAL_Driver/Src/stm32f4xx_hal_tim.o
 .comment       0x0000000000000043       0x44 ./Drivers/STM32F4xx_HAL_Driver/Src/stm32f4xx_hal_tim_ex.o

.debug_info     0x0000000000000000     0xc748
 .debug_info    0x0000000000000000      0x9c5 ./Core/Src/adc.o
 .debug_info    0x00000000000009c5      0x439 ./Core/Src/gpio.o
 .debug_info    0x0000000000000dfe     0x1bed ./Core/Src/main.o
 .debug_info    0x00000000000029eb      0x525 ./Core/Src/stm32f4xx_hal_msp.o
 .debug_info    0x0000000000002f10      0x709 ./Core/Src/stm32f4xx_it.o
 .debug_info    0x0000000000003619      0x54a ./Core/Src/system_stm32f4xx.o
 .debug_info    0x0000000000003b63     0x10a8 ./Core/Src/tim.o
 .debug_info    0x0000000000004c0b       0x23 ./Core/Startup/startup_stm32f446retx.o
 .debug_info    0x0000000000004c2e      0x99e ./Drivers/STM32F4xx_HAL_Driver/Src/stm32f4xx_hal.o
 .debug_info    0x00000000000055cc      0xcd4 ./Drivers/STM32F4xx_HAL_Driver/Src/stm32f4xx_hal_adc.o
 .debug_info    0x00000000000062a0      0xd64 ./Drivers/STM32F4xx_HAL_Driver/Src/stm32f4xx_hal_cortex.o
 .debug_info    0x0000000000007004      0x70b ./Drivers/STM32F4xx_HAL_Driver/Src/stm32f4xx_hal_gpio.o
 .debug_info    0x000000000000770f      0x8ed ./Drivers/STM32F4xx_HAL_Driver/Src/stm32f4xx_hal_rcc.o
 .debug_info    0x0000000000007ffc      0x956 ./Drivers/STM32F4xx_HAL_Driver/Src/stm32f4xx_hal_rcc_ex.o
 .debug_info    0x0000000000008952     0x2948 ./Drivers/STM32F4xx_HAL_Driver/Src/stm32f4xx_hal_tim.o
 .debug_info    0x000000000000b29a     0x14ae ./Drivers/STM32F4xx_HAL_Driver/Src/stm32f4xx_hal_tim_ex.o

.debug_abbrev   0x0000000000000000     0x206c
 .debug_abbrev  0x0000000000000000      0x1f3 ./Core/Src/adc.o
 .debug_abbrev  0x00000000000001f3      0x152 ./Core/Src/gpio.o
 .debug_abbrev  0x0000000000000345      0x3a3 ./Core/Src/main.o
 .debug_abbrev  0x00000000000006e8      0x11b ./Core/Src/stm32f4xx_hal_msp.o
 .debug_abbrev  0x0000000000000803      0x194 ./Core/Src/stm32f4xx_it.o
 .debug_abbrev  0x0000000000000997      0x11a ./Core/Src/system_stm32f4xx.o
 .debug_abbrev  0x0000000000000ab1      0x29c ./Core/Src/tim.o
 .debug_abbrev  0x0000000000000d4d       0x12 ./Core/Startup/startup_stm32f446retx.o
 .debug_abbrev  0x0000000000000d5f      0x213 ./Drivers/STM32F4xx_HAL_Driver/Src/stm32f4xx_hal.o
 .debug_abbrev  0x0000000000000f72      0x252 ./Drivers/STM32F4xx_HAL_Driver/Src/stm32f4xx_hal_adc.o
 .debug_abbrev  0x00000000000011c4      0x327 ./Drivers/STM32F4xx_HAL_Driver/Src/stm32f4xx_hal_cortex.o
 .debug_abbrev  0x00000000000014eb      0x1d4 ./Drivers/STM32F4xx_HAL_Driver/Src/stm32f4xx_hal_gpio.o
 .debug_abbrev  0x00000000000016bf      0x2b6 ./Drivers/STM32F4xx_HAL_Driver/Src/stm32f4xx_hal_rcc.o
 .debug_abbrev  0x0000000000001975      0x20a ./Drivers/STM32F4xx_HAL_Driver/Src/stm32f4xx_hal_rcc_ex.o
 .debug_abbrev  0x0000000000001b7f      0x271 ./Drivers/STM32F4xx_HAL_Driver/Src/stm32f4xx_hal_tim.o
 .debug_abbrev  0x0000000000001df0      0x27c ./Drivers/STM32F4xx_HAL_Driver/Src/stm32f4xx_hal_tim_ex.o

.debug_aranges  0x0000000000000000      0xc20
 .debug_aranges
                0x0000000000000000       0x30 ./Core/Src/adc.o
 .debug_aranges
                0x0000000000000030       0x20 ./Core/Src/gpio.o
 .debug_aranges
                0x0000000000000050      0x108 ./Core/Src/main.o
 .debug_aranges
                0x0000000000000158       0x20 ./Core/Src/stm32f4xx_hal_msp.o
 .debug_aranges
                0x0000000000000178       0x78 ./Core/Src/stm32f4xx_it.o
 .debug_aranges
                0x00000000000001f0       0x28 ./Core/Src/system_stm32f4xx.o
 .debug_aranges
                0x0000000000000218       0x60 ./Core/Src/tim.o
 .debug_aranges
                0x0000000000000278       0x28 ./Core/Startup/startup_stm32f446retx.o
 .debug_aranges
                0x00000000000002a0       0xf0 ./Drivers/STM32F4xx_HAL_Driver/Src/stm32f4xx_hal.o
 .debug_aranges
                0x0000000000000390       0xe8 ./Drivers/STM32F4xx_HAL_Driver/Src/stm32f4xx_hal_adc.o
 .debug_aranges
                0x0000000000000478      0x118 ./Drivers/STM32F4xx_HAL_Driver/Src/stm32f4xx_hal_cortex.o
 .debug_aranges
                0x0000000000000590       0x58 ./Drivers/STM32F4xx_HAL_Driver/Src/stm32f4xx_hal_gpio.o
 .debug_aranges
                0x00000000000005e8       0x88 ./Drivers/STM32F4xx_HAL_Driver/Src/stm32f4xx_hal_rcc.o
 .debug_aranges
                0x0000000000000670       0x78 ./Drivers/STM32F4xx_HAL_Driver/Src/stm32f4xx_hal_rcc_ex.o
 .debug_aranges
                0x00000000000006e8      0x3d0 ./Drivers/STM32F4xx_HAL_Driver/Src/stm32f4xx_hal_tim.o
 .debug_aranges
                0x0000000000000ab8      0x168 ./Drivers/STM32F4xx_HAL_Driver/Src/stm32f4xx_hal_tim_ex.o

.debug_rnglists
                0x0000000000000000      0x95a
 .debug_rnglists
                0x0000000000000000       0x21 ./Core/Src/adc.o
 .debug_rnglists
                0x0000000000000021       0x14 ./Core/Src/gpio.o
 .debug_rnglists
                0x0000000000000035       0xcf ./Core/Src/main.o
 .debug_rnglists
                0x0000000000000104       0x13 ./Core/Src/stm32f4xx_hal_msp.o
 .debug_rnglists
                0x0000000000000117       0x55 ./Core/Src/stm32f4xx_it.o
 .debug_rnglists
                0x000000000000016c       0x1a ./Core/Src/system_stm32f4xx.o
 .debug_rnglists
                0x0000000000000186       0x47 ./Core/Src/tim.o
 .debug_rnglists
                0x00000000000001cd       0x19 ./Core/Startup/startup_stm32f446retx.o
 .debug_rnglists
                0x00000000000001e6       0xaf ./Drivers/STM32F4xx_HAL_Driver/Src/stm32f4xx_hal.o
 .debug_rnglists
                0x0000000000000295       0xb5 ./Drivers/STM32F4xx_HAL_Driver/Src/stm32f4xx_hal_adc.o
 .debug_rnglists
                0x000000000000034a       0xce ./Drivers/STM32F4xx_HAL_Driver/Src/stm32f4xx_hal_cortex.o
 .debug_rnglists
                0x0000000000000418       0x3f ./Drivers/STM32F4xx_HAL_Driver/Src/stm32f4xx_hal_gpio.o
 .debug_rnglists
                0x0000000000000457       0x66 ./Drivers/STM32F4xx_HAL_Driver/Src/stm32f4xx_hal_rcc.o
 .debug_rnglists
                0x00000000000004bd       0x5e ./Drivers/STM32F4xx_HAL_Driver/Src/stm32f4xx_hal_rcc_ex.o
 .debug_rnglists
                0x000000000000051b      0x31a ./Drivers/STM32F4xx_HAL_Driver/Src/stm32f4xx_hal_tim.o
 .debug_rnglists
                0x0000000000000835      0x125 ./Drivers/STM32F4xx_HAL_Driver/Src/stm32f4xx_hal_tim_ex.o

.debug_macro    0x0000000000000000    0x226f4
 .debug_macro   0x0000000000000000      0x205 ./Core/Src/adc.o
 .debug_macro   0x0000000000000205      0xaa8 ./Core/Src/adc.o
 .debug_macro   0x0000000000000cad      0x29b ./Core/Src/adc.o
 .debug_macro   0x0000000000000f48       0x2e ./Core/Src/adc.o
 .debug_macro   0x0000000000000f76       0x28 ./Core/Src/adc.o
 .debug_macro   0x0000000000000f9e       0x22 ./Core/Src/adc.o
 .debug_macro   0x0000000000000fc0       0x8e ./Core/Src/adc.o
 .debug_macro   0x000000000000104e       0x51 ./Core/Src/adc.o
 .debug_macro   0x000000000000109f      0x103 ./Core/Src/adc.o
 .debug_macro   0x00000000000011a2       0x6a ./Core/Src/adc.o
 .debug_macro   0x000000000000120c      0x1df ./Core/Src/adc.o
 .debug_macro   0x00000000000013eb       0x1c ./Core/Src/adc.o
 .debug_macro   0x0000000000001407       0x22 ./Core/Src/adc.o
 .debug_macro   0x0000000000001429       0xd9 ./Core/Src/adc.o
 .debug_macro   0x0000000000001502     0x102d ./Core/Src/adc.o
 .debug_macro   0x000000000000252f      0x11f ./Core/Src/adc.o
 .debug_macro   0x000000000000264e    0x16749 ./Core/Src/adc.o
 .debug_macro   0x0000000000018d97       0x6d ./Core/Src/adc.o
 .debug_macro   0x0000000000018e04     0x367e ./Core/Src/adc.o
 .debug_macro   0x000000000001c482      0x174 ./Core/Src/adc.o
 .debug_macro   0x000000000001c5f6       0x5c ./Core/Src/adc.o
 .debug_macro   0x000000000001c652      0xc90 ./Core/Src/adc.o
 .debug_macro   0x000000000001d2e2      0x9fe ./Core/Src/adc.o
 .debug_macro   0x000000000001dce0      0x115 ./Core/Src/adc.o
 .debug_macro   0x000000000001ddf5      0x1a0 ./Core/Src/adc.o
 .debug_macro   0x000000000001df95       0xa5 ./Core/Src/adc.o
 .debug_macro   0x000000000001e03a      0x16d ./Core/Src/adc.o
 .debug_macro   0x000000000001e1a7      0x287 ./Core/Src/adc.o
 .debug_macro   0x000000000001e42e       0x5f ./Core/Src/adc.o
 .debug_macro   0x000000000001e48d      0x236 ./Core/Src/adc.o
 .debug_macro   0x000000000001e6c3      0xb5b ./Core/Src/adc.o
 .debug_macro   0x000000000001f21e      0x38b ./Core/Src/adc.o
 .debug_macro   0x000000000001f5a9      0x17d ./Core/Src/adc.o
 .debug_macro   0x000000000001f726       0xf9 ./Core/Src/adc.o
 .debug_macro   0x000000000001f81f      0x132 ./Core/Src/adc.o
 .debug_macro   0x000000000001f951      0x29c ./Core/Src/adc.o
 .debug_macro   0x000000000001fbed       0x2e ./Core/Src/adc.o
 .debug_macro   0x000000000001fc1b      0x11a ./Core/Src/adc.o
 .debug_macro   0x000000000001fd35       0xe8 ./Core/Src/adc.o
 .debug_macro   0x000000000001fe1d       0x89 ./Core/Src/adc.o
 .debug_macro   0x000000000001fea6      0x8e6 ./Core/Src/adc.o
 .debug_macro   0x000000000002078c       0x4d ./Core/Src/adc.o
 .debug_macro   0x00000000000207d9      0x126 ./Core/Src/adc.o
 .debug_macro   0x00000000000208ff      0x100 ./Core/Src/adc.o
 .debug_macro   0x00000000000209ff      0x205 ./Core/Src/gpio.o
 .debug_macro   0x0000000000020c04      0x313 ./Core/Src/main.o
 .debug_macro   0x0000000000020f17      0x1fb ./Core/Src/stm32f4xx_hal_msp.o
 .debug_macro   0x0000000000021112      0x205 ./Core/Src/stm32f4xx_it.o
 .debug_macro   0x0000000000021317      0x1ec ./Core/Src/system_stm32f4xx.o
 .debug_macro   0x0000000000021503      0x205 ./Core/Src/tim.o
 .debug_macro   0x0000000000021708      0x24c ./Drivers/STM32F4xx_HAL_Driver/Src/stm32f4xx_hal.o
 .debug_macro   0x0000000000021954      0x1ed ./Drivers/STM32F4xx_HAL_Driver/Src/stm32f4xx_hal_adc.o
 .debug_macro   0x0000000000021b41      0x1ec ./Drivers/STM32F4xx_HAL_Driver/Src/stm32f4xx_hal_cortex.o
 .debug_macro   0x0000000000021d2d      0x1f2 ./Drivers/STM32F4xx_HAL_Driver/Src/stm32f4xx_hal_gpio.o
 .debug_macro   0x0000000000021f1f      0x210 ./Drivers/STM32F4xx_HAL_Driver/Src/stm32f4xx_hal_rcc.o
 .debug_macro   0x000000000002212f      0x1ec ./Drivers/STM32F4xx_HAL_Driver/Src/stm32f4xx_hal_rcc_ex.o
 .debug_macro   0x000000000002231b      0x1ed ./Drivers/STM32F4xx_HAL_Driver/Src/stm32f4xx_hal_tim.o
 .debug_macro   0x0000000000022508      0x1ec ./Drivers/STM32F4xx_HAL_Driver/Src/stm32f4xx_hal_tim_ex.o

.debug_line     0x0000000000000000     0xec88
 .debug_line    0x0000000000000000      0x7e9 ./Core/Src/adc.o
 .debug_line    0x00000000000007e9      0x7d9 ./Core/Src/gpio.o
 .debug_line    0x0000000000000fc2     0x1159 ./Core/Src/main.o
 .debug_line    0x000000000000211b      0x76d ./Core/Src/stm32f4xx_hal_msp.o
 .debug_line    0x0000000000002888      0x86f ./Core/Src/stm32f4xx_it.o
 .debug_line    0x00000000000030f7      0x7eb ./Core/Src/system_stm32f4xx.o
 .debug_line    0x00000000000038e2      0x999 ./Core/Src/tim.o
 .debug_line    0x000000000000427b       0x7a ./Core/Startup/startup_stm32f446retx.o
 .debug_line    0x00000000000042f5      0xa51 ./Drivers/STM32F4xx_HAL_Driver/Src/stm32f4xx_hal.o
 .debug_line    0x0000000000004d46     0x12c1 ./Drivers/STM32F4xx_HAL_Driver/Src/stm32f4xx_hal_adc.o
 .debug_line    0x0000000000006007      0xd00 ./Drivers/STM32F4xx_HAL_Driver/Src/stm32f4xx_hal_cortex.o
 .debug_line    0x0000000000006d07      0xbb1 ./Drivers/STM32F4xx_HAL_Driver/Src/stm32f4xx_hal_gpio.o
 .debug_line    0x00000000000078b8      0xdd6 ./Drivers/STM32F4xx_HAL_Driver/Src/stm32f4xx_hal_rcc.o
 .debug_line    0x000000000000868e     0x146f ./Drivers/STM32F4xx_HAL_Driver/Src/stm32f4xx_hal_rcc_ex.o
 .debug_line    0x0000000000009afd     0x373d ./Drivers/STM32F4xx_HAL_Driver/Src/stm32f4xx_hal_tim.o
 .debug_line    0x000000000000d23a     0x1a4e ./Drivers/STM32F4xx_HAL_Driver/Src/stm32f4xx_hal_tim_ex.o

.debug_str      0x0000000000000000    0xd798b
 .debug_str     0x0000000000000000    0xd3f13 ./Core/Src/adc.o
                                      0xd4204 (size before relaxing)
 .debug_str     0x00000000000d3f13       0x4c ./Core/Src/gpio.o
                                      0xd3d92 (size before relaxing)
 .debug_str     0x00000000000d3f5f     0x1224 ./Core/Src/main.o
                                      0xd54e7 (size before relaxing)
 .debug_str     0x00000000000d5183       0x49 ./Core/Src/stm32f4xx_hal_msp.o
                                      0xd4245 (size before relaxing)
 .debug_str     0x00000000000d51cc      0x11b ./Core/Src/stm32f4xx_it.o
                                      0xd41af (size before relaxing)
 .debug_str     0x00000000000d52e7       0xdb ./Core/Src/system_stm32f4xx.o
                                      0xd39c6 (size before relaxing)
 .debug_str     0x00000000000d53c2      0x2df ./Core/Src/tim.o
                                      0xd4b53 (size before relaxing)
 .debug_str     0x00000000000d56a1       0x34 ./Core/Startup/startup_stm32f446retx.o
                                         0x7c (size before relaxing)
 .debug_str     0x00000000000d56d5      0x5e4 ./Drivers/STM32F4xx_HAL_Driver/Src/stm32f4xx_hal.o
                                      0xd458b (size before relaxing)
 .debug_str     0x00000000000d5cb9      0x27f ./Drivers/STM32F4xx_HAL_Driver/Src/stm32f4xx_hal_adc.o
                                      0xd3f8e (size before relaxing)
 .debug_str     0x00000000000d5f38      0x321 ./Drivers/STM32F4xx_HAL_Driver/Src/stm32f4xx_hal_cortex.o
                                      0xd4299 (size before relaxing)
 .debug_str     0x00000000000d6259       0xd2 ./Drivers/STM32F4xx_HAL_Driver/Src/stm32f4xx_hal_gpio.o
                                      0xd3b41 (size before relaxing)
 .debug_str     0x00000000000d632b      0x233 ./Drivers/STM32F4xx_HAL_Driver/Src/stm32f4xx_hal_rcc.o
                                      0xd3dff (size before relaxing)
 .debug_str     0x00000000000d655e      0x324 ./Drivers/STM32F4xx_HAL_Driver/Src/stm32f4xx_hal_rcc_ex.o
                                      0xd3e32 (size before relaxing)
 .debug_str     0x00000000000d6882      0xd28 ./Drivers/STM32F4xx_HAL_Driver/Src/stm32f4xx_hal_tim.o
                                      0xd4d1b (size before relaxing)
 .debug_str     0x00000000000d75aa      0x3e1 ./Drivers/STM32F4xx_HAL_Driver/Src/stm32f4xx_hal_tim_ex.o
                                      0xd4537 (size before relaxing)

.debug_frame    0x0000000000000000     0x3204
 .debug_frame   0x0000000000000000       0x7c ./Core/Src/adc.o
 .debug_frame   0x000000000000007c       0x34 ./Core/Src/gpio.o
 .debug_frame   0x00000000000000b0      0x438 ./Core/Src/main.o
 .debug_frame   0x00000000000004e8       0x34 ./Core/Src/stm32f4xx_hal_msp.o
 .debug_frame   0x000000000000051c      0x15c ./Core/Src/stm32f4xx_it.o
 .debug_frame   0x0000000000000678       0x58 ./Core/Src/system_stm32f4xx.o
 .debug_frame   0x00000000000006d0      0x15c ./Core/Src/tim.o
 .debug_frame   0x000000000000082c      0x374 ./Drivers/STM32F4xx_HAL_Driver/Src/stm32f4xx_hal.o
 .debug_frame   0x0000000000000ba0      0x3fc ./Drivers/STM32F4xx_HAL_Driver/Src/stm32f4xx_hal_adc.o
 .debug_frame   0x0000000000000f9c      0x498 ./Drivers/STM32F4xx_HAL_Driver/Src/stm32f4xx_hal_cortex.o
 .debug_frame   0x0000000000001434      0x14c ./Drivers/STM32F4xx_HAL_Driver/Src/stm32f4xx_hal_gpio.o
 .debug_frame   0x0000000000001580      0x1f4 ./Drivers/STM32F4xx_HAL_Driver/Src/stm32f4xx_hal_rcc.o
 .debug_frame   0x0000000000001774      0x1e8 ./Drivers/STM32F4xx_HAL_Driver/Src/stm32f4xx_hal_rcc_ex.o
 .debug_frame   0x000000000000195c     0x11c4 ./Drivers/STM32F4xx_HAL_Driver/Src/stm32f4xx_hal_tim.o
 .debug_frame   0x0000000000002b20      0x638 ./Drivers/STM32F4xx_HAL_Driver/Src/stm32f4xx_hal_tim_ex.o
 .debug_frame   0x0000000000003158       0x20 D:/STM32CubeIDE_1.13.2/STM32CubeIDE/plugins/com.st.stm32cube.ide.mcu.externaltools.gnu-tools-for-stm32.11.3.rel1.win32_1.1.1.202309131626/tools/bin/../lib/gcc/arm-none-eabi/11.3.1/../../../../arm-none-eabi/lib/thumb/v7e-m+fp/hard\libc_nano.a(libc_a-memset.o)
 .debug_frame   0x0000000000003178       0x2c D:/STM32CubeIDE_1.13.2/STM32CubeIDE/plugins/com.st.stm32cube.ide.mcu.externaltools.gnu-tools-for-stm32.11.3.rel1.win32_1.1.1.202309131626/tools/bin/../lib/gcc/arm-none-eabi/11.3.1/../../../../arm-none-eabi/lib/thumb/v7e-m+fp/hard\libc_nano.a(libc_a-init.o)
 .debug_frame   0x00000000000031a4       0x2c D:/STM32CubeIDE_1.13.2/STM32CubeIDE/plugins/com.st.stm32cube.ide.mcu.externaltools.gnu-tools-for-stm32.11.3.rel1.win32_1.1.1.202309131626/tools/bin/../lib/gcc/arm-none-eabi/11.3.1/thumb/v7e-m+fp/hard\libgcc.a(_aeabi_uldivmod.o)
 .debug_frame   0x00000000000031d0       0x34 D:/STM32CubeIDE_1.13.2/STM32CubeIDE/plugins/com.st.stm32cube.ide.mcu.externaltools.gnu-tools-for-stm32.11.3.rel1.win32_1.1.1.202309131626/tools/bin/../lib/gcc/arm-none-eabi/11.3.1/thumb/v7e-m+fp/hard\libgcc.a(_udivmoddi4.o)

.debug_line_str
                0x0000000000000000       0x70
 .debug_line_str
                0x0000000000000000       0x70 ./Core/Startup/startup_stm32f446retx.o
                                         0x88 (size before relaxing)
